============================= test session starts =============================
platform win32 -- Python 3.12.4, pytest-9.0.2, pluggy-1.6.0
rootdir: C:\Users\abusu\Desktop\prompt optimiser
configfile: pyproject.toml
plugins: anyio-4.12.1
collected 23 items

tests\test_compressor.py ...                                             [ 13%]
tests\test_normalizer.py ....F.                                          [ 39%]
tests\test_parser.py ...                                                 [ 52%]
tests\test_pipeline.py ...                                               [ 65%]
tests\test_reconstructor.py ....                                         [ 82%]
tests\test_security.py ....                                              [100%]

================================== FAILURES ===================================
____________________________ test_fix_punctuation _____________________________

    def test_fix_punctuation():
        # Double spaces
        assert fix_punctuation("hello  world") == "Hello world"
        # Space before punctuation
        assert fix_punctuation("hello , world !") == "Hello, world!"
        # Double punctuation
        assert fix_punctuation("hello,, world!!") == "Hello, world!"
        # Capitalization
>       assert fix_punctuation("hello. world") == "hello. World"
E       AssertionError: assert 'Hello. World' == 'hello. World'
E         
E         - hello. World
E         ? ^
E         + Hello. World
E         ? ^

tests\test_normalizer.py:46: AssertionError
=========================== short test summary info ===========================
FAILED tests/test_normalizer.py::test_fix_punctuation - AssertionError: asser...
======================== 1 failed, 22 passed in 0.30s =========================
